74.6.73.222 - - [03/Aug/2007:23:44:06 +0200] "GET /robots.txt HTTP/1.0" 404 1028 "-" "Mozilla/5.0 (compatible; Yahoo! Slurp; http://help.yahoo.com/help/us/ysearch/slurp)"
74.6.17.77 - - [03/Aug/2007:23:44:07 +0200] "GET / HTTP/1.0" 200 324 "-" "Mozilla/5.0 (compatible; Yahoo! Slurp; http://help.yahoo.com/help/us/ysearch/slurp)"
213.115.60.115 - - [04/Aug/2007:00:51:23 +0200] "GET /robots.txt HTTP/1.0" 404 1337 "http://majestic12.co.uk/bot.php?I=F7DBD9C54720032F46DF676F04D975D7-70A4CC472D7740C1-3832FD1F218DE696-foomy.org" "MJ12bot/v1.2.0 (http://majestic12.co.uk/bot.php?+)"
213.115.60.115 - - [04/Aug/2007:00:51:25 +0200] "GET / HTTP/1.1" 200 324 "-" "MJ12bot/v1.2.0 (http://majestic12.co.uk/bot.php?+)"
74.6.73.222 - - [04/Aug/2007:03:58:45 +0200] "GET /robots.txt HTTP/1.0" 404 1028 "-" "Mozilla/5.0 (compatible; Yahoo! Slurp; http://help.yahoo.com/help/us/ysearch/slurp)"
72.30.177.252 - - [04/Aug/2007:03:58:46 +0200] "GET /index.php HTTP/1.0" 200 324 "-" "Mozilla/5.0 (compatible; Yahoo! Slurp; http://help.yahoo.com/help/us/ysearch/slurp)"
74.6.71.29 - - [04/Aug/2007:08:52:35 +0200] "GET / HTTP/1.0" 304 - "-" "Mozilla/5.0 (compatible; Yahoo! Slurp; http://help.yahoo.com/help/us/ysearch/slurp)"
193.252.149.15 - - [05/Aug/2007:00:28:52 +0200] "GET /robots.txt HTTP/1.1" 404 1028 "-" "Mozilla/5.0 (Windows; U; Windows NT 5.1; fr; rv:1.8.1) VoilaBot BETA 1.2 (http://www.voila.com/)"
193.252.149.15 - - [05/Aug/2007:00:28:54 +0200] "GET / HTTP/1.1" 304 - "-" "Mozilla/5.0 (Windows; U; Windows NT 5.1; fr; rv:1.8.1) VoilaBot BETA 1.2 (http://www.voila.com/)"
66.249.66.206 - - [05/Aug/2007:03:21:41 +0200] "GET /robots.txt HTTP/1.1" 404 1028 "-" "Mozilla/5.0 (compatible; Googlebot/2.1; +http://www.google.com/bot.html)"
66.249.66.206 - - [05/Aug/2007:03:21:42 +0200] "GET / HTTP/1.1" 200 324 "-" "Mozilla/5.0 (compatible; Googlebot/2.1; +http://www.google.com/bot.html)"
74.6.19.115 - - [06/Aug/2007:11:47:42 +0200] "GET /robots.txt HTTP/1.0" 404 1028 "-" "Mozilla/5.0 (compatible; Yahoo! Slurp; http://help.yahoo.com/help/us/ysearch/slurp)"
74.6.20.161 - - [06/Aug/2007:11:47:42 +0200] "GET / HTTP/1.0" 304 - "-" "Mozilla/5.0 (compatible; Yahoo! Slurp; http://help.yahoo.com/help/us/ysearch/slurp)"
68.142.212.201 - - [06/Aug/2007:15:49:38 +0200] "GET /robots.txt HTTP/1.0" 404 1028 "-" "Yahoo-MMCrawler/3.x (mms dash mmcrawler dash support at yahoo dash inc dot com)"
208.36.144.8 - - [07/Aug/2007:05:28:21 +0200] "GET /robots.txt HTTP/1.0" 404 1028 "-" "Mozilla/5.0 (Twiceler-0.9 http://www.cuill.com/twiceler/robot.html)"
87.230.58.8 - - [07/Aug/2007:16:46:59 +0200] "GET / HTTP/1.0" 200 324 "-" "-"
87.230.58.8 - - [07/Aug/2007:17:32:55 +0200] "GET / HTTP/1.0" 200 324 "-" "Mozilla/4.0 (compatible; MSIE 6.0; Windows NT 5.1)"
208.36.144.8 - - [07/Aug/2007:19:14:08 +0200] "GET /robots.txt HTTP/1.0" 404 1028 "-" "Mozilla/5.0 (Twiceler-0.9 http://www.cuill.com/twiceler/robot.html)"
66.249.66.206 - - [08/Aug/2007:03:36:26 +0200] "GET /robots.txt HTTP/1.1" 404 1028 "-" "Googlebot-Image/1.0"
66.249.66.206 - - [08/Aug/2007:03:36:26 +0200] "GET /img/foomys-welt.jpg HTTP/1.1" 403 1018 "-" "Googlebot-Image/1.0"
66.249.66.206 - - [08/Aug/2007:03:46:25 +0200] "GET /img/valid_css.png HTTP/1.1" 403 1018 "-" "Googlebot-Image/1.0"
66.249.66.206 - - [08/Aug/2007:04:04:59 +0200] "GET /robots.txt HTTP/1.1" 404 1028 "-" "Googlebot-Image/1.0"
66.249.66.206 - - [08/Aug/2007:04:04:59 +0200] "GET /img/valid_xhtml.png HTTP/1.1" 403 1018 "-" "Googlebot-Image/1.0"
68.142.212.201 - - [09/Aug/2007:06:42:15 +0200] "GET /robots.txt HTTP/1.0" 404 1028 "-" "Yahoo-MMCrawler/3.x (mms dash mmcrawler dash support at yahoo dash inc dot com)"
87.230.58.8 - - [09/Aug/2007:20:17:42 +0200] "HEAD / HTTP/1.1" 200 - "-" "GT::WWW/1.023"
66.249.66.206 - - [10/Aug/2007:10:23:43 +0200] "GET /robots.txt HTTP/1.1" 404 1028 "-" "Mozilla/5.0 (compatible; Googlebot/2.1; +http://www.google.com/bot.html)"
66.249.66.206 - - [10/Aug/2007:10:23:43 +0200] "GET / HTTP/1.1" 200 324 "-" "Mozilla/5.0 (compatible; Googlebot/2.1; +http://www.google.com/bot.html)"
80.237.157.71 - - [10/Aug/2007:15:50:40 +0200] "GET / HTTP/1.1" 200 324 "-" "Mozilla/5.0 (X11; U; Linux x86_64; en-US; rv:1.7.7) Gecko/20050414"
74.6.73.222 - - [10/Aug/2007:19:43:50 +0200] "GET /robots.txt HTTP/1.0" 404 1028 "-" "Mozilla/5.0 (compatible; Yahoo! Slurp; http://help.yahoo.com/help/us/ysearch/slurp)"
74.6.71.29 - - [10/Aug/2007:19:43:51 +0200] "GET / HTTP/1.0" 304 - "-" "Mozilla/5.0 (compatible; Yahoo! Slurp; http://help.yahoo.com/help/us/ysearch/slurp)"
74.6.71.29 - - [10/Aug/2007:22:35:23 +0200] "GET / HTTP/1.0" 304 - "-" "Mozilla/5.0 (compatible; Yahoo! Slurp; http://help.yahoo.com/help/us/ysearch/slurp)"
66.249.66.206 - - [11/Aug/2007:00:19:12 +0200] "GET /robots.txt HTTP/1.1" 404 1028 "-" "Googlebot-Image/1.0"
66.249.66.206 - - [11/Aug/2007:00:19:12 +0200] "GET /img/valid_css.png HTTP/1.1" 403 1018 "-" "Googlebot-Image/1.0"
208.36.144.8 - - [11/Aug/2007:12:02:36 +0200] "GET /robots.txt HTTP/1.0" 404 1028 "-" "Mozilla/5.0 (Twiceler-0.9 http://www.cuill.com/twiceler/robot.html)"
68.142.212.201 - - [11/Aug/2007:23:54:01 +0200] "GET /robots.txt HTTP/1.0" 404 1028 "-" "Yahoo-MMCrawler/3.x (mms dash mmcrawler dash support at yahoo dash inc dot com)"
208.36.144.8 - - [14/Aug/2007:09:50:21 +0200] "GET /robots.txt HTTP/1.0" 404 1028 "-" "Mozilla/5.0 (Twiceler-0.9 http://www.cuill.com/twiceler/robot.html)"
193.252.149.15 - - [14/Aug/2007:10:56:15 +0200] "GET /robots.txt HTTP/1.1" 404 1028 "-" "Mozilla/5.0 (Windows; U; Windows NT 5.1; fr; rv:1.8.1) VoilaBot BETA 1.2 (http://www.voila.com/)"
193.252.149.15 - - [14/Aug/2007:10:56:27 +0200] "GET / HTTP/1.1" 200 324 "-" "Mozilla/5.0 (Windows; U; Windows NT 5.1; fr; rv:1.8.1) VoilaBot BETA 1.2 (http://www.voila.com/)"
68.142.212.201 - - [14/Aug/2007:12:15:54 +0200] "GET /robots.txt HTTP/1.0" 404 1028 "-" "Yahoo-MMCrawler/3.x (mms dash mmcrawler dash support at yahoo dash inc dot com)"
74.6.73.222 - - [14/Aug/2007:23:05:48 +0200] "GET /robots.txt HTTP/1.0" 404 1028 "-" "Mozilla/5.0 (compatible; Yahoo! Slurp; http://help.yahoo.com/help/us/ysearch/slurp)"
74.6.71.29 - - [14/Aug/2007:23:05:49 +0200] "GET / HTTP/1.0" 304 - "-" "Mozilla/5.0 (compatible; Yahoo! Slurp; http://help.yahoo.com/help/us/ysearch/slurp)"
65.55.208.60 - - [14/Aug/2007:23:16:31 +0200] "GET /robots.txt HTTP/1.0" 404 1028 "-" "msnbot/1.0 (+http://search.msn.com/msnbot.htm)"
65.55.208.60 - - [14/Aug/2007:23:16:31 +0200] "GET / HTTP/1.0" 200 324 "-" "msnbot/1.0 (+http://search.msn.com/msnbot.htm)"
66.249.66.206 - - [15/Aug/2007:18:45:04 +0200] "GET /robots.txt HTTP/1.1" 404 1028 "-" "Mozilla/5.0 (compatible; Googlebot/2.1; +http://www.google.com/bot.html)"
66.249.66.206 - - [15/Aug/2007:18:45:04 +0200] "GET / HTTP/1.1" 200 324 "-" "Mozilla/5.0 (compatible; Googlebot/2.1; +http://www.google.com/bot.html)"
208.36.144.8 - - [16/Aug/2007:06:59:55 +0200] "GET /robots.txt HTTP/1.0" 404 1028 "-" "Mozilla/5.0 (Twiceler-0.9 http://www.cuill.com/twiceler/robot.html)"
68.142.212.201 - - [16/Aug/2007:19:52:51 +0200] "GET /robots.txt HTTP/1.0" 404 1028 "-" "Yahoo-MMCrawler/3.x (mms dash mmcrawler dash support at yahoo dash inc dot com)"
208.36.144.8 - - [17/Aug/2007:18:31:46 +0200] "GET /robots.txt HTTP/1.0" 404 1028 "-" "Mozilla/5.0 (Twiceler-0.9 http://www.cuill.com/twiceler/robot.html)"
129.241.249.197 - - [18/Aug/2007:14:27:25 +0200] "GET /robots.txt HTTP/1.0" 404 1337 "http://majestic12.co.uk/bot.php?I=1E55575A617AFD59EB0F7EEB502E1E03-77FA8566C3B95738-6039A9ECC8837356-foomy.net" "MJ12bot/v1.2.0 (http://majestic12.co.uk/bot.php?+)"
129.241.249.197 - - [18/Aug/2007:14:27:26 +0200] "GET /intern/impressum/index.php HTTP/1.1" 403 1018 "-" "MJ12bot/v1.2.0 (http://majestic12.co.uk/bot.php?+)"
66.249.66.206 - - [18/Aug/2007:20:58:56 +0200] "GET /robots.txt HTTP/1.1" 404 1028 "-" "Mozilla/5.0 (compatible; Googlebot/2.1; +http://www.google.com/bot.html)"
66.249.66.206 - - [18/Aug/2007:20:58:56 +0200] "GET / HTTP/1.1" 200 324 "-" "Mozilla/5.0 (compatible; Googlebot/2.1; +http://www.google.com/bot.html)"
68.142.212.201 - - [19/Aug/2007:10:46:09 +0200] "GET /robots.txt HTTP/1.0" 404 1028 "-" "Yahoo-MMCrawler/3.x (mms dash mmcrawler dash support at yahoo dash inc dot com)"
84.88.32.197 - - [20/Aug/2007:12:07:32 +0200] "GET / HTTP/1.0" 200 324 "-" "Mozilla/4.0 (compatible; MSIE 6.0; Windows NT 5.0) Opera 7.23  [ca]"
193.252.149.15 - - [21/Aug/2007:05:44:28 +0200] "GET /robots.txt HTTP/1.1" 404 1028 "-" "Mozilla/5.0 (Windows; U; Windows NT 5.1; fr; rv:1.8.1) VoilaBot BETA 1.2 (http://www.voila.com/)"
193.252.149.15 - - [21/Aug/2007:05:44:29 +0200] "GET / HTTP/1.1" 200 324 "-" "Mozilla/5.0 (Windows; U; Windows NT 5.1; fr; rv:1.8.1) VoilaBot BETA 1.2 (http://www.voila.com/)"
208.36.144.8 - - [21/Aug/2007:17:29:42 +0200] "GET /robots.txt HTTP/1.0" 404 1028 "-" "Mozilla/5.0 (Twiceler-0.9 http://www.cuill.com/twiceler/robot.html)"
68.142.212.201 - - [22/Aug/2007:03:15:20 +0200] "GET /robots.txt HTTP/1.0" 404 1028 "-" "Yahoo-MMCrawler/3.x (mms dash mmcrawler dash support at yahoo dash inc dot com)"
66.249.66.206 - - [22/Aug/2007:08:55:45 +0200] "GET /robots.txt HTTP/1.1" 404 1028 "-" "Mozilla/5.0 (compatible; Googlebot/2.1; +http://www.google.com/bot.html)"
66.249.66.206 - - [22/Aug/2007:08:55:45 +0200] "GET / HTTP/1.1" 200 324 "-" "Mozilla/5.0 (compatible; Googlebot/2.1; +http://www.google.com/bot.html)"
193.252.149.15 - - [24/Aug/2007:16:24:55 +0200] "GET /robots.txt HTTP/1.1" 404 1028 "-" "Mozilla/5.0 (Windows; U; Windows NT 5.1; fr; rv:1.8.1) VoilaBot BETA 1.2 (http://www.voila.com/)"
193.252.149.15 - - [24/Aug/2007:16:25:01 +0200] "GET / HTTP/1.1" 304 - "-" "Mozilla/5.0 (Windows; U; Windows NT 5.1; fr; rv:1.8.1) VoilaBot BETA 1.2 (http://www.voila.com/)"
68.142.212.201 - - [24/Aug/2007:20:43:14 +0200] "GET /robots.txt HTTP/1.0" 404 1028 "-" "Yahoo-MMCrawler/3.x (mms dash mmcrawler dash support at yahoo dash inc dot com)"
208.36.144.8 - - [24/Aug/2007:21:13:32 +0200] "GET /robots.txt HTTP/1.0" 404 1028 "-" "Mozilla/5.0 (Twiceler-0.9 http://www.cuill.com/twiceler/robot.html)"
74.6.19.115 - - [24/Aug/2007:23:41:57 +0200] "GET /robots.txt HTTP/1.0" 404 1028 "-" "Mozilla/5.0 (compatible; Yahoo! Slurp; http://help.yahoo.com/help/us/ysearch/slurp)"
74.6.20.161 - - [24/Aug/2007:23:41:57 +0200] "GET / HTTP/1.0" 200 324 "-" "Mozilla/5.0 (compatible; Yahoo! Slurp; http://help.yahoo.com/help/us/ysearch/slurp)"
74.6.23.70 - - [25/Aug/2007:01:48:16 +0200] "GET /index.php HTTP/1.0" 304 - "-" "Mozilla/5.0 (compatible; Yahoo! Slurp; http://help.yahoo.com/help/us/ysearch/slurp)"
208.36.144.8 - - [25/Aug/2007:21:38:09 +0200] "GET /robots.txt HTTP/1.0" 404 1028 "-" "Mozilla/5.0 (Twiceler-0.9 http://www.cuill.com/twiceler/robot.html)"
193.252.149.15 - - [27/Aug/2007:01:16:32 +0200] "GET /robots.txt HTTP/1.1" 404 1028 "-" "Mozilla/5.0 (Windows; U; Windows NT 5.1; fr; rv:1.8.1) VoilaBot BETA 1.2 (http://www.voila.com/)"
193.252.149.15 - - [27/Aug/2007:01:16:33 +0200] "GET / HTTP/1.1" 304 - "-" "Mozilla/5.0 (Windows; U; Windows NT 5.1; fr; rv:1.8.1) VoilaBot BETA 1.2 (http://www.voila.com/)"
208.36.144.8 - - [27/Aug/2007:02:37:20 +0200] "GET /robots.txt HTTP/1.0" 404 1028 "-" "Mozilla/5.0 (Twiceler-0.9 http://www.cuill.com/twiceler/robot.html)"
68.142.212.201 - - [27/Aug/2007:10:55:30 +0200] "GET /robots.txt HTTP/1.0" 404 1028 "-" "Yahoo-MMCrawler/3.x (mms dash mmcrawler dash support at yahoo dash inc dot com)"
84.248.180.84 - - [27/Aug/2007:16:07:08 +0200] "GET /robots.txt HTTP/1.0" 404 1337 "http://majestic12.co.uk/bot.php?I=B52E566A0F8758B9AC82D89FC7C1AB84-B2B5504EB7008D1E-90C5C959602D9D2C-foomy.org" "MJ12bot/v1.2.0 (http://majestic12.co.uk/bot.php?+)"
84.248.180.84 - - [27/Aug/2007:16:07:08 +0200] "GET /intern/impressum/index.php HTTP/1.0" 403 1018 "-" "MJ12bot/v1.2.0 (http://majestic12.co.uk/bot.php?+)"
66.249.66.206 - - [28/Aug/2007:18:29:18 +0200] "GET /robots.txt HTTP/1.1" 404 1028 "-" "Mozilla/5.0 (compatible; Googlebot/2.1; +http://www.google.com/bot.html)"
66.249.66.206 - - [28/Aug/2007:18:29:18 +0200] "GET / HTTP/1.1" 200 324 "-" "Mozilla/5.0 (compatible; Googlebot/2.1; +http://www.google.com/bot.html)"
74.6.19.115 - - [29/Aug/2007:11:39:43 +0200] "GET /robots.txt HTTP/1.0" 404 1028 "-" "Mozilla/5.0 (compatible; Yahoo! Slurp; http://help.yahoo.com/help/us/ysearch/slurp)"
74.6.20.161 - - [29/Aug/2007:11:39:44 +0200] "GET / HTTP/1.0" 200 324 "-" "Mozilla/5.0 (compatible; Yahoo! Slurp; http://help.yahoo.com/help/us/ysearch/slurp)"
68.142.212.201 - - [29/Aug/2007:23:36:12 +0200] "GET /robots.txt HTTP/1.0" 404 1028 "-" "Yahoo-MMCrawler/3.x (mms dash mmcrawler dash support at yahoo dash inc dot com)"
193.252.149.15 - - [30/Aug/2007:08:02:46 +0200] "GET /robots.txt HTTP/1.1" 404 1028 "-" "Mozilla/5.0 (Windows; U; Windows NT 5.1; fr; rv:1.8.1) VoilaBot BETA 1.2 (http://www.voila.com/)"
193.252.149.15 - - [30/Aug/2007:08:02:53 +0200] "GET / HTTP/1.1" 304 - "-" "Mozilla/5.0 (Windows; U; Windows NT 5.1; fr; rv:1.8.1) VoilaBot BETA 1.2 (http://www.voila.com/)"
208.36.144.8 - - [30/Aug/2007:14:48:53 +0200] "GET /robots.txt HTTP/1.0" 404 1028 "-" "Mozilla/5.0 (Twiceler-0.9 http://www.cuill.com/twiceler/robot.html)"
212.227.110.96 - - [31/Aug/2007:09:14:18 +0200] "GET / HTTP/1.0" 200 324 "-" "Mozilla/5.0 (X11; U; Linux i686; en-US; rv:1.8.1.6) Gecko/20061201 Firefox/2.0.0.6 (Ubuntu-feisty)"
208.36.144.8 - - [31/Aug/2007:21:43:27 +0200] "GET /robots.txt HTTP/1.0" 404 1028 "-" "Mozilla/5.0 (Twiceler-0.9 http://www.cuill.com/twiceler/robot.html)"
209.62.104.30 - - [31/Aug/2007:22:11:55 +0200] "GET /robots.txt HTTP/1.0" 404 1147 "http://foomy.net/" "Mozilla/5.0 (Windows; U; Windows NT 5.1; en-US; +http://process1.com) Gecko/20070508 Firefox/1.5.0.12"
209.62.104.6 - - [31/Aug/2007:22:11:58 +0200] "GET / HTTP/1.0" 200 324 "-" "Mozilla/5.0 (Windows; U; Windows NT 5.1; en-US; +http://process1.com) Gecko/20070508 Firefox/1.5.0.12"
68.142.212.201 - - [01/Sep/2007:08:45:14 +0200] "GET /robots.txt HTTP/1.0" 404 1028 "-" "Yahoo-MMCrawler/3.x (mms dash mmcrawler dash support at yahoo dash inc dot com)"
66.249.72.201 - - [01/Sep/2007:15:24:21 +0200] "GET /robots.txt HTTP/1.1" 404 1028 "-" "Mozilla/5.0 (compatible; Googlebot/2.1; +http://www.google.com/bot.html)"
66.249.72.201 - - [01/Sep/2007:15:24:21 +0200] "GET / HTTP/1.1" 200 324 "-" "Mozilla/5.0 (compatible; Googlebot/2.1; +http://www.google.com/bot.html)"
74.6.19.113 - - [02/Sep/2007:19:30:08 +0200] "GET /robots.txt HTTP/1.0" 404 1028 "-" "Mozilla/5.0 (compatible; Yahoo! Slurp; http://help.yahoo.com/help/us/ysearch/slurp)"
74.6.20.161 - - [02/Sep/2007:19:30:08 +0200] "GET / HTTP/1.0" 200 324 "-" "Mozilla/5.0 (compatible; Yahoo! Slurp; http://help.yahoo.com/help/us/ysearch/slurp)"
208.36.144.8 - - [02/Sep/2007:21:00:42 +0200] "GET /robots.txt HTTP/1.0" 404 1028 "-" "Mozilla/5.0 (Twiceler-0.9 http://www.cuill.com/twiceler/robot.html)"
193.252.149.15 - - [03/Sep/2007:04:36:23 +0200] "GET /robots.txt HTTP/1.1" 404 1028 "-" "Mozilla/5.0 (Windows; U; Windows NT 5.1; fr; rv:1.8.1) VoilaBot BETA 1.2 (http://www.voila.com/)"
193.252.149.15 - - [03/Sep/2007:04:36:27 +0200] "GET / HTTP/1.1" 304 - "-" "Mozilla/5.0 (Windows; U; Windows NT 5.1; fr; rv:1.8.1) VoilaBot BETA 1.2 (http://www.voila.com/)"
68.142.212.201 - - [03/Sep/2007:19:01:14 +0200] "GET /robots.txt HTTP/1.0" 404 1028 "-" "Yahoo-MMCrawler/3.x (mms dash mmcrawler dash support at yahoo dash inc dot com)"
66.249.72.201 - - [04/Sep/2007:06:09:32 +0200] "GET /robots.txt HTTP/1.1" 404 1028 "-" "Mozilla/5.0 (compatible; Googlebot/2.1; +http://www.google.com/bot.html)"
66.249.72.201 - - [04/Sep/2007:06:09:32 +0200] "GET / HTTP/1.1" 200 324 "-" "Mozilla/5.0 (compatible; Googlebot/2.1; +http://www.google.com/bot.html)"
194.72.238.61 - - [04/Sep/2007:13:42:41 +0200] "HEAD / HTTP/1.1" 200 - "http://www.netcraft.com/survey/" "Mozilla/4.0 (compatible; Netcraft Web Server Survey)"
194.72.238.61 - - [04/Sep/2007:13:42:42 +0200] "HEAD / HTTP/1.1" 200 - "http://www.netcraft.com/survey/" "Mozilla/4.0 (compatible; Netcraft Web Server Survey)"
208.36.144.8 - - [04/Sep/2007:20:23:47 +0200] "GET /robots.txt HTTP/1.0" 404 1028 "-" "Mozilla/5.0 (Twiceler-0.9 http://www.cuill.com/twiceler/robot.html)"
208.36.144.8 - - [05/Sep/2007:14:28:33 +0200] "GET /robots.txt HTTP/1.0" 404 1028 "-" "Mozilla/5.0 (Twiceler-0.9 http://www.cuill.com/twiceler/robot.html)"
87.230.58.8 - - [05/Sep/2007:23:14:08 +0200] "HEAD / HTTP/1.1" 200 - "-" "GT::WWW/1.023"
68.142.212.201 - - [06/Sep/2007:06:46:18 +0200] "GET /robots.txt HTTP/1.0" 404 1028 "-" "Yahoo-MMCrawler/3.x (mms dash mmcrawler dash support at yahoo dash inc dot com)"
74.6.19.115 - - [06/Sep/2007:14:01:09 +0200] "GET /robots.txt HTTP/1.0" 404 1028 "-" "Mozilla/5.0 (compatible; Yahoo! Slurp; http://help.yahoo.com/help/us/ysearch/slurp)"
74.6.20.161 - - [06/Sep/2007:14:01:10 +0200] "GET / HTTP/1.0" 200 324 "-" "Mozilla/5.0 (compatible; Yahoo! Slurp; http://help.yahoo.com/help/us/ysearch/slurp)"
208.36.144.8 - - [07/Sep/2007:08:50:42 +0200] "GET /robots.txt HTTP/1.0" 404 1028 "-" "Mozilla/5.0 (Twiceler-0.9 http://www.cuill.com/twiceler/robot.html)"
193.252.149.15 - - [07/Sep/2007:16:23:41 +0200] "GET /robots.txt HTTP/1.1" 404 1028 "-" "Mozilla/5.0 (Windows; U; Windows NT 5.1; fr; rv:1.8.1) VoilaBot BETA 1.2 (http://www.voila.com/)"
193.252.149.15 - - [07/Sep/2007:16:23:51 +0200] "GET / HTTP/1.1" 304 - "-" "Mozilla/5.0 (Windows; U; Windows NT 5.1; fr; rv:1.8.1) VoilaBot BETA 1.2 (http://www.voila.com/)"
66.249.72.201 - - [08/Sep/2007:20:50:00 +0200] "GET /robots.txt HTTP/1.1" 404 1028 "-" "Mozilla/5.0 (compatible; Googlebot/2.1; +http://www.google.com/bot.html)"
66.249.72.201 - - [08/Sep/2007:20:50:00 +0200] "GET / HTTP/1.1" 200 324 "-" "Mozilla/5.0 (compatible; Googlebot/2.1; +http://www.google.com/bot.html)"
208.36.144.8 - - [09/Sep/2007:05:09:46 +0200] "GET /robots.txt HTTP/1.0" 404 1028 "-" "Mozilla/5.0 (Twiceler-0.9 http://www.cuill.com/twiceler/robot.html)"
208.36.144.8 - - [10/Sep/2007:07:57:18 +0200] "GET /robots.txt HTTP/1.0" 404 1028 "-" "Mozilla/5.0 (Twiceler-0.9 http://www.cuill.com/twiceler/robot.html)"
68.142.212.201 - - [10/Sep/2007:15:41:35 +0200] "GET /robots.txt HTTP/1.0" 404 1028 "-" "Yahoo-MMCrawler/3.x (mms dash mmcrawler dash support at yahoo dash inc dot com)"
208.36.144.8 - - [11/Sep/2007:11:17:38 +0200] "GET /robots.txt HTTP/1.0" 404 1028 "-" "Mozilla/5.0 (Twiceler-0.9 http://www.cuill.com/twiceler/robot.html)"
193.252.149.15 - - [11/Sep/2007:15:48:31 +0200] "GET /robots.txt HTTP/1.1" 404 1028 "-" "Mozilla/5.0 (Windows; U; Windows NT 5.1; fr; rv:1.8.1) VoilaBot BETA 1.2 (http://www.voila.com/)"
193.252.149.15 - - [11/Sep/2007:15:48:33 +0200] "GET / HTTP/1.1" 304 - "-" "Mozilla/5.0 (Windows; U; Windows NT 5.1; fr; rv:1.8.1) VoilaBot BETA 1.2 (http://www.voila.com/)"
66.249.72.168 - - [11/Sep/2007:19:19:24 +0200] "GET /robots.txt HTTP/1.1" 404 1028 "-" "Mozilla/5.0 (compatible; Googlebot/2.1; +http://www.google.com/bot.html)"
66.249.72.168 - - [11/Sep/2007:19:19:25 +0200] "GET / HTTP/1.1" 200 324 "-" "Mozilla/5.0 (compatible; Googlebot/2.1; +http://www.google.com/bot.html)"
208.36.144.8 - - [11/Sep/2007:22:54:28 +0200] "GET /robots.txt HTTP/1.0" 404 1028 "-" "Mozilla/5.0 (Twiceler-0.9 http://www.cuill.com/twiceler/robot.html)"
208.36.144.8 - - [12/Sep/2007:16:30:57 +0200] "GET /robots.txt HTTP/1.0" 404 1028 "-" "Mozilla/5.0 (Twiceler-0.9 http://www.cuill.com/twiceler/robot.html)"
208.36.144.8 - - [13/Sep/2007:06:41:37 +0200] "GET /robots.txt HTTP/1.0" 404 1028 "-" "Mozilla/5.0 (Twiceler-0.9 http://www.cuill.com/twiceler/robot.html)"
195.145.160.194 - - [14/Sep/2007:14:56:13 +0200] "GET / HTTP/1.0" 200 324 "http://www.suchnase.de/Private/F/more8.html" "Mozilla/4.0 (compatible; MSIE 6.0; Windows NT 5.0)"
68.142.212.201 - - [14/Sep/2007:15:42:22 +0200] "GET /robots.txt HTTP/1.0" 404 1028 "-" "Yahoo-MMCrawler/3.x (mms dash mmcrawler dash support at yahoo dash inc dot com)"
208.36.144.8 - - [15/Sep/2007:03:21:17 +0200] "GET /robots.txt HTTP/1.0" 404 1028 "-" "Mozilla/5.0 (Twiceler-0.9 http://www.cuill.com/twiceler/robot.html)"
74.6.19.112 - - [15/Sep/2007:15:06:52 +0200] "GET /robots.txt HTTP/1.0" 404 1028 "-" "Mozilla/5.0 (compatible; Yahoo! Slurp; http://help.yahoo.com/help/us/ysearch/slurp)"
74.6.20.161 - - [15/Sep/2007:15:06:52 +0200] "GET / HTTP/1.0" 200 324 "-" "Mozilla/5.0 (compatible; Yahoo! Slurp; http://help.yahoo.com/help/us/ysearch/slurp)"
66.249.72.168 - - [16/Sep/2007:00:27:43 +0200] "GET /robots.txt HTTP/1.1" 404 1028 "-" "Mozilla/5.0 (compatible; Googlebot/2.1; +http://www.google.com/bot.html)"
66.249.72.168 - - [16/Sep/2007:00:27:43 +0200] "GET / HTTP/1.1" 200 324 "-" "Mozilla/5.0 (compatible; Googlebot/2.1; +http://www.google.com/bot.html)"
74.6.19.112 - - [16/Sep/2007:11:14:34 +0200] "GET /robots.txt HTTP/1.0" 404 1028 "-" "Mozilla/5.0 (compatible; Yahoo! Slurp; http://help.yahoo.com/help/us/ysearch/slurp)"
74.6.23.70 - - [16/Sep/2007:11:14:34 +0200] "GET /index.php HTTP/1.0" 200 324 "-" "Mozilla/5.0 (compatible; Yahoo! Slurp; http://help.yahoo.com/help/us/ysearch/slurp)"
208.36.144.8 - - [17/Sep/2007:15:42:39 +0200] "GET /robots.txt HTTP/1.0" 404 1028 "-" "Mozilla/5.0 (Twiceler-0.9 http://www.cuill.com/twiceler/robot.html)"
68.142.212.201 - - [17/Sep/2007:23:18:56 +0200] "GET /robots.txt HTTP/1.0" 404 1028 "-" "Yahoo-MMCrawler/3.x (mms dash mmcrawler dash support at yahoo dash inc dot com)"
66.249.72.168 - - [18/Sep/2007:11:02:07 +0200] "GET /robots.txt HTTP/1.1" 404 1028 "-" "Mozilla/5.0 (compatible; Googlebot/2.1; +http://www.google.com/bot.html)"
66.249.72.168 - - [18/Sep/2007:11:02:08 +0200] "GET / HTTP/1.1" 200 324 "-" "Mozilla/5.0 (compatible; Googlebot/2.1; +http://www.google.com/bot.html)"
208.36.144.8 - - [19/Sep/2007:00:25:14 +0200] "GET /robots.txt HTTP/1.0" 404 1028 "-" "Mozilla/5.0 (Twiceler-0.9 http://www.cuill.com/twiceler/robot.html)"
61.247.217.39 - - [20/Sep/2007:15:52:20 +0200] "GET /robots.txt HTTP/1.1" 404 1028 "-" "Yeti/0.01 (nhn/1noon, yetibot@naver.com, check robots.txt daily and follow it)"
61.247.217.39 - - [20/Sep/2007:15:52:21 +0200] "GET / HTTP/1.1" 200 324 "-" "Yeti/0.01 (nhn/1noon, yetibot@naver.com, check robots.txt daily and follow it)"
68.142.212.201 - - [20/Sep/2007:18:57:55 +0200] "GET /robots.txt HTTP/1.0" 404 1028 "-" "Yahoo-MMCrawler/3.x (mms dash mmcrawler dash support at yahoo dash inc dot com)"
66.249.72.140 - - [21/Sep/2007:07:08:54 +0200] "GET /robots.txt HTTP/1.1" 404 1028 "-" "Mozilla/5.0 (compatible; Googlebot/2.1; +http://www.google.com/bot.html)"
66.249.72.140 - - [21/Sep/2007:07:08:54 +0200] "GET / HTTP/1.1" 200 324 "-" "Mozilla/5.0 (compatible; Googlebot/2.1; +http://www.google.com/bot.html)"
208.36.144.8 - - [21/Sep/2007:10:23:48 +0200] "GET /robots.txt HTTP/1.0" 404 1028 "-" "Mozilla/5.0 (Twiceler-0.9 http://www.cuill.com/twiceler/robot.html)"
208.36.144.8 - - [22/Sep/2007:10:07:31 +0200] "GET /robots.txt HTTP/1.0" 404 1028 "-" "Mozilla/5.0 (Twiceler-0.9 http://www.cuill.com/twiceler/robot.html)"
68.142.212.201 - - [23/Sep/2007:07:04:24 +0200] "GET /robots.txt HTTP/1.0" 404 1028 "-" "Yahoo-MMCrawler/3.x (mms dash mmcrawler dash support at yahoo dash inc dot com)"
66.249.72.140 - - [23/Sep/2007:22:59:40 +0200] "GET /robots.txt HTTP/1.1" 404 1028 "-" "Mozilla/5.0 (compatible; Googlebot/2.1; +http://www.google.com/bot.html)"
66.249.72.140 - - [23/Sep/2007:22:59:41 +0200] "GET / HTTP/1.1" 200 324 "-" "Mozilla/5.0 (compatible; Googlebot/2.1; +http://www.google.com/bot.html)"
208.36.144.8 - - [24/Sep/2007:02:12:46 +0200] "GET /robots.txt HTTP/1.0" 404 1028 "-" "Mozilla/5.0 (Twiceler-0.9 http://www.cuill.com/twiceler/robot.html)"
208.36.144.8 - - [24/Sep/2007:13:08:31 +0200] "GET /robots.txt HTTP/1.0" 404 1028 "-" "Mozilla/5.0 (Twiceler-0.9 http://www.cuill.com/twiceler/robot.html)"
85.214.60.33 - - [24/Sep/2007:16:05:47 +0200] "HEAD / HTTP/1.0" 200 - "-" "-"
85.214.60.33 - - [24/Sep/2007:16:05:47 +0200] "HEAD / HTTP/1.0" 200 - "-" "-"
74.6.19.112 - - [25/Sep/2007:02:33:39 +0200] "GET /robots.txt HTTP/1.0" 404 1028 "-" "Mozilla/5.0 (compatible; Yahoo! Slurp; http://help.yahoo.com/help/us/ysearch/slurp)"
74.6.20.161 - - [25/Sep/2007:02:33:39 +0200] "GET / HTTP/1.0" 200 324 "-" "Mozilla/5.0 (compatible; Yahoo! Slurp; http://help.yahoo.com/help/us/ysearch/slurp)"
193.252.149.15 - - [25/Sep/2007:04:42:18 +0200] "GET /robots.txt HTTP/1.1" 404 1028 "-" "Mozilla/5.0 (Windows; U; Windows NT 5.1; fr; rv:1.8.1) VoilaBot BETA 1.2 (http://www.voila.com/)"
193.252.149.15 - - [25/Sep/2007:04:42:30 +0200] "GET / HTTP/1.1" 200 324 "-" "Mozilla/5.0 (Windows; U; Windows NT 5.1; fr; rv:1.8.1) VoilaBot BETA 1.2 (http://www.voila.com/)"
212.227.110.96 - - [25/Sep/2007:11:59:08 +0200] "GET / HTTP/1.0" 200 324 "-" "Mozilla/5.0 (X11; U; Linux i686; en-US; rv:1.8.1.6) Gecko/20061201 Firefox/2.0.0.6 (Ubuntu-feisty)"
208.36.144.8 - - [25/Sep/2007:20:28:58 +0200] "GET /robots.txt HTTP/1.0" 404 1028 "-" "Mozilla/5.0 (Twiceler-0.9 http://www.cuill.com/twiceler/robot.html)"
208.36.144.8 - - [26/Sep/2007:11:49:52 +0200] "GET /robots.txt HTTP/1.0" 404 1028 "-" "Mozilla/5.0 (Twiceler-0.9 http://www.cuill.com/twiceler/robot.html)"
66.249.72.140 - - [26/Sep/2007:15:08:42 +0200] "GET /robots.txt HTTP/1.1" 404 1028 "-" "Mozilla/5.0 (compatible; Googlebot/2.1; +http://www.google.com/bot.html)"
66.249.72.140 - - [26/Sep/2007:15:08:42 +0200] "GET / HTTP/1.1" 200 324 "-" "Mozilla/5.0 (compatible; Googlebot/2.1; +http://www.google.com/bot.html)"
68.142.212.201 - - [26/Sep/2007:16:53:29 +0200] "GET /robots.txt HTTP/1.0" 404 1028 "-" "Yahoo-MMCrawler/3.x (mms dash mmcrawler dash support at yahoo dash inc dot com)"
208.36.144.8 - - [27/Sep/2007:21:30:34 +0200] "GET /robots.txt HTTP/1.0" 404 1028 "-" "Mozilla/5.0 (Twiceler-0.9 http://www.cuill.com/twiceler/robot.html)"
87.230.58.8 - - [28/Sep/2007:03:06:55 +0200] "HEAD / HTTP/1.1" 200 - "-" "GT::WWW/1.023"
208.36.144.8 - - [29/Sep/2007:05:32:48 +0200] "GET /robots.txt HTTP/1.0" 404 1028 "-" "Mozilla/5.0 (Twiceler-0.9 http://www.cuill.com/twiceler/robot.html)"
68.142.212.201 - - [29/Sep/2007:16:53:30 +0200] "GET /robots.txt HTTP/1.0" 404 1028 "-" "Yahoo-MMCrawler/3.x (mms dash mmcrawler dash support at yahoo dash inc dot com)"
208.36.144.8 - - [30/Sep/2007:03:18:34 +0200] "GET /robots.txt HTTP/1.0" 404 1028 "-" "Mozilla/5.0 (Twiceler-0.9 http://www.cuill.com/twiceler/robot.html)"
66.249.72.140 - - [30/Sep/2007:05:29:51 +0200] "GET /robots.txt HTTP/1.1" 404 1028 "-" "Mozilla/5.0 (compatible; Googlebot/2.1; +http://www.google.com/bot.html)"
66.249.72.140 - - [30/Sep/2007:05:29:51 +0200] "GET / HTTP/1.1" 200 324 "-" "Mozilla/5.0 (compatible; Googlebot/2.1; +http://www.google.com/bot.html)"
207.178.0.196 - - [30/Sep/2007:17:44:24 +0200] "GET /sitemap.xml HTTP/1.1" 404 1028 "-" "Firefox/1.0 (Windows; U; Win98; en-US; Localization; rv:1.4) Gecko/20030624 Netscape/7.1 (ax)"
207.178.0.196 - - [30/Sep/2007:17:44:25 +0200] "GET /sitemap.xml HTTP/1.1" 404 1028 "-" "Firefox/1.0 (Windows; U; Win98; en-US; Localization; rv:1.4) Gecko/20030624 Netscape/7.1 (ax)"
207.178.0.196 - - [30/Sep/2007:17:44:26 +0200] "GET / HTTP/1.1" 206 324 "-" "Firefox/1.0 (Windows; U; Win98; en-US; Localization; rv:1.4) Gecko/20030624 Netscape/7.1 (ax)"
71.7.243.178 - - [01/Oct/2007:01:05:06 +0200] "GET /robots.txt HTTP/1.0" 404 1337 "http://majestic12.co.uk/bot.php?I=A47C83103FA045FD053E07564DA84627-5B058E28A3630DC5-E571A315FE9F68BE-foomy.net" "MJ12bot/v1.2.0 (http://majestic12.co.uk/bot.php?+)"
71.7.243.178 - - [01/Oct/2007:01:05:07 +0200] "GET / HTTP/1.1" 200 324 "-" "MJ12bot/v1.2.0 (http://majestic12.co.uk/bot.php?+)"
208.36.144.8 - - [01/Oct/2007:10:59:12 +0200] "GET /robots.txt HTTP/1.0" 404 1028 "-" "Mozilla/5.0 (Twiceler-0.9 http://www.cuill.com/twiceler/robot.html)"
194.72.238.61 - - [01/Oct/2007:13:11:20 +0200] "HEAD / HTTP/1.1" 200 - "http://www.netcraft.com/survey/" "Mozilla/4.0 (compatible; Netcraft Web Server Survey)"
194.72.238.61 - - [01/Oct/2007:13:11:23 +0200] "HEAD / HTTP/1.1" 200 - "http://www.netcraft.com/survey/" "Mozilla/4.0 (compatible; Netcraft Web Server Survey)"
66.249.72.140 - - [02/Oct/2007:15:44:13 +0200] "GET /robots.txt HTTP/1.1" 404 1028 "-" "Mozilla/5.0 (compatible; Googlebot/2.1; +http://www.google.com/bot.html)"
66.249.72.140 - - [02/Oct/2007:15:44:13 +0200] "GET / HTTP/1.1" 200 324 "-" "Mozilla/5.0 (compatible; Googlebot/2.1; +http://www.google.com/bot.html)"
208.36.144.8 - - [02/Oct/2007:22:20:38 +0200] "GET /robots.txt HTTP/1.0" 404 1028 "-" "Mozilla/5.0 (Twiceler-0.9 http://www.cuill.com/twiceler/robot.html)"
208.36.144.8 - - [02/Oct/2007:22:24:17 +0200] "GET /robots.txt HTTP/1.0" 404 1028 "-" "Mozilla/5.0 (Twiceler-0.9 http://www.cuill.com/twiceler/robot.html)"
208.36.144.8 - - [03/Oct/2007:22:19:31 +0200] "GET /robots.txt HTTP/1.0" 404 1028 "-" "Mozilla/5.0 (Twiceler-0.9 http://www.cuill.com/twiceler/robot.html)"
208.36.144.8 - - [03/Oct/2007:22:30:15 +0200] "GET /robots.txt HTTP/1.0" 404 1028 "-" "Mozilla/5.0 (Twiceler-0.9 http://www.cuill.com/twiceler/robot.html)"
208.36.144.8 - - [04/Oct/2007:10:42:13 +0200] "GET /robots.txt HTTP/1.0" 404 1028 "-" "Mozilla/5.0 (Twiceler-0.9 http://www.cuill.com/twiceler/robot.html)"
66.249.72.140 - - [05/Oct/2007:09:00:59 +0200] "GET /robots.txt HTTP/1.1" 404 1028 "-" "Mozilla/5.0 (compatible; Googlebot/2.1; +http://www.google.com/bot.html)"
66.249.72.140 - - [05/Oct/2007:09:00:59 +0200] "GET / HTTP/1.1" 200 324 "-" "Mozilla/5.0 (compatible; Googlebot/2.1; +http://www.google.com/bot.html)"
74.6.19.114 - - [05/Oct/2007:10:14:25 +0200] "GET /robots.txt HTTP/1.0" 404 1028 "-" "Mozilla/5.0 (compatible; Yahoo! Slurp; http://help.yahoo.com/help/us/ysearch/slurp)"
74.6.20.161 - - [05/Oct/2007:10:14:25 +0200] "GET / HTTP/1.0" 200 324 "-" "Mozilla/5.0 (compatible; Yahoo! Slurp; http://help.yahoo.com/help/us/ysearch/slurp)"
208.36.144.8 - - [05/Oct/2007:23:14:12 +0200] "GET /robots.txt HTTP/1.0" 404 1028 "-" "Mozilla/5.0 (Twiceler-0.9 http://www.cuill.com/twiceler/robot.html)"
193.252.149.15 - - [06/Oct/2007:19:40:39 +0200] "GET /robots.txt HTTP/1.1" 404 1028 "-" "Mozilla/5.0 (Windows; U; Windows NT 5.1; fr; rv:1.8.1) VoilaBot BETA 1.2 (http://www.voila.com/)"
193.252.149.15 - - [06/Oct/2007:19:40:53 +0200] "GET / HTTP/1.1" 200 324 "-" "Mozilla/5.0 (Windows; U; Windows NT 5.1; fr; rv:1.8.1) VoilaBot BETA 1.2 (http://www.voila.com/)"
212.227.110.96 - - [08/Oct/2007:16:14:31 +0200] "GET / HTTP/1.0" 200 324 "http://saschneider.fruechtewelt.de/amsterdam/sightseeing/museen" "Mozilla/5.0 (X11; U; Linux i686; en-US; rv:1.8.1.6) Gecko/20061201 Firefox/2.0.0.6 (Ubuntu-feisty)"
64.213.203.144 - - [09/Oct/2007:14:56:31 +0200] "GET /robots.txt HTTP/1.0" 404 1028 "-" "ia_archiver"
64.213.203.144 - - [09/Oct/2007:14:56:31 +0200] "GET / HTTP/1.0" 200 324 "-" "ia_archiver"
208.36.144.8 - - [09/Oct/2007:21:26:12 +0200] "GET /robots.txt HTTP/1.0" 404 1028 "-" "Mozilla/5.0 (Twiceler-0.9 http://www.cuill.com/twiceler/robot.html)"
66.249.72.140 - - [10/Oct/2007:10:45:34 +0200] "GET /robots.txt HTTP/1.1" 404 1028 "-" "Mozilla/5.0 (compatible; Googlebot/2.1; +http://www.google.com/bot.html)"
66.249.72.140 - - [10/Oct/2007:10:45:34 +0200] "GET / HTTP/1.1" 200 324 "-" "Mozilla/5.0 (compatible; Googlebot/2.1; +http://www.google.com/bot.html)"
80.237.157.71 - - [11/Oct/2007:01:18:11 +0200] "GET / HTTP/1.1" 200 324 "-" "Mozilla/5.0 (X11; U; Linux x86_64; en-US; rv:1.7.7) Gecko/20050414"
64.237.57.194 - - [12/Oct/2007:15:24:57 +0200] "GET / HTTP/1.1" 200 324 "-" "Mozilla/5.0 (MrCarlito-0.1 http://www.mrcarlito.com/spider.html)"
208.36.144.8 - - [13/Oct/2007:03:55:43 +0200] "GET /robots.txt HTTP/1.0" 404 1028 "-" "Mozilla/5.0 (Twiceler-0.9 http://www.cuill.com/twiceler/robot.html)"
66.249.72.140 - - [14/Oct/2007:12:27:24 +0200] "GET /robots.txt HTTP/1.1" 404 1028 "-" "Mozilla/5.0 (compatible; Googlebot/2.1; +http://www.google.com/bot.html)"
66.249.72.140 - - [14/Oct/2007:12:27:24 +0200] "GET / HTTP/1.1" 200 324 "-" "Mozilla/5.0 (compatible; Googlebot/2.1; +http://www.google.com/bot.html)"
68.142.212.201 - - [15/Oct/2007:22:07:01 +0200] "GET /robots.txt HTTP/1.0" 404 1028 "-" "Yahoo-MMCrawler/3.x (mms dash mmcrawler dash support at yahoo dash inc dot com)"
212.227.110.96 - - [16/Oct/2007:17:23:53 +0200] "GET / HTTP/1.0" 200 324 "-" "Mozilla/5.0 (X11; U; Linux i686; en-US; rv:1.8.1.6) Gecko/20061201 Firefox/2.0.0.6 (Ubuntu-feisty)"
66.249.72.140 - - [17/Oct/2007:03:15:50 +0200] "GET /robots.txt HTTP/1.1" 404 1028 "-" "Mozilla/5.0 (compatible; Googlebot/2.1; +http://www.google.com/bot.html)"
66.249.72.140 - - [17/Oct/2007:03:15:50 +0200] "GET / HTTP/1.1" 200 324 "-" "Mozilla/5.0 (compatible; Googlebot/2.1; +http://www.google.com/bot.html)"
193.252.149.15 - - [17/Oct/2007:22:12:00 +0200] "GET /robots.txt HTTP/1.1" 404 1028 "-" "Mozilla/5.0 (Windows; U; Windows NT 5.1; fr; rv:1.8.1) VoilaBot BETA 1.2 (http://www.voila.com/)"
193.252.149.15 - - [17/Oct/2007:22:12:02 +0200] "GET / HTTP/1.1" 200 324 "-" "Mozilla/5.0 (Windows; U; Windows NT 5.1; fr; rv:1.8.1) VoilaBot BETA 1.2 (http://www.voila.com/)"
74.6.19.115 - - [18/Oct/2007:01:47:32 +0200] "GET /robots.txt HTTP/1.0" 404 1028 "-" "Mozilla/5.0 (compatible; Yahoo! Slurp; http://help.yahoo.com/help/us/ysearch/slurp)"
74.6.20.161 - - [18/Oct/2007:01:47:32 +0200] "GET / HTTP/1.0" 200 324 "-" "Mozilla/5.0 (compatible; Yahoo! Slurp; http://help.yahoo.com/help/us/ysearch/slurp)"
87.230.58.8 - - [18/Oct/2007:09:47:00 +0200] "GET / HTTP/1.0" 200 324 "-" "Mozilla/4.0 (compatible; MSIE 6.0; Windows NT 5.1)"
66.249.72.140 - - [18/Oct/2007:19:46:59 +0200] "GET /robots.txt HTTP/1.1" 404 1028 "-" "Mozilla/5.0 (compatible; Googlebot/2.1; +http://www.google.com/bot.html)"
66.249.72.140 - - [18/Oct/2007:19:46:59 +0200] "GET / HTTP/1.1" 200 324 "-" "Mozilla/5.0 (compatible; Googlebot/2.1; +http://www.google.com/bot.html)"
68.142.212.201 - - [19/Oct/2007:04:22:12 +0200] "GET /robots.txt HTTP/1.0" 404 1028 "-" "Yahoo-MMCrawler/3.x (mms dash mmcrawler dash support at yahoo dash inc dot com)"
66.249.72.140 - - [21/Oct/2007:02:25:07 +0200] "GET /robots.txt HTTP/1.1" 404 1028 "-" "Mozilla/5.0 (compatible; Googlebot/2.1; +http://www.google.com/bot.html)"
66.249.72.140 - - [21/Oct/2007:02:25:08 +0200] "GET / HTTP/1.1" 200 324 "-" "Mozilla/5.0 (compatible; Googlebot/2.1; +http://www.google.com/bot.html)"
193.252.149.15 - - [22/Oct/2007:10:00:05 +0200] "GET /robots.txt HTTP/1.1" 404 1028 "-" "Mozilla/5.0 (Windows; U; Windows NT 5.1; fr; rv:1.8.1) VoilaBot BETA 1.2 (http://www.voila.com/)"
193.252.149.15 - - [22/Oct/2007:10:00:12 +0200] "GET / HTTP/1.1" 200 324 "-" "Mozilla/5.0 (Windows; U; Windows NT 5.1; fr; rv:1.8.1) VoilaBot BETA 1.2 (http://www.voila.com/)"
68.142.212.201 - - [25/Oct/2007:06:31:43 +0200] "GET /robots.txt HTTP/1.0" 404 1028 "-" "Yahoo-MMCrawler/3.x (mms dash mmcrawler dash support at yahoo dash inc dot com)"
66.249.72.140 - - [25/Oct/2007:07:32:14 +0200] "GET /robots.txt HTTP/1.1" 404 1028 "-" "Mozilla/5.0 (compatible; Googlebot/2.1; +http://www.google.com/bot.html)"
66.249.72.140 - - [25/Oct/2007:07:32:14 +0200] "GET / HTTP/1.1" 200 324 "-" "Mozilla/5.0 (compatible; Googlebot/2.1; +http://www.google.com/bot.html)"
193.252.149.15 - - [27/Oct/2007:12:43:18 +0200] "GET /robots.txt HTTP/1.1" 404 1028 "-" "Mozilla/5.0 (Windows; U; Windows NT 5.1; fr; rv:1.8.1) VoilaBot BETA 1.2 (http://www.voila.com/)"
193.252.149.15 - - [27/Oct/2007:12:43:19 +0200] "GET / HTTP/1.1" 200 324 "-" "Mozilla/5.0 (Windows; U; Windows NT 5.1; fr; rv:1.8.1) VoilaBot BETA 1.2 (http://www.voila.com/)"
68.142.212.201 - - [27/Oct/2007:18:10:39 +0200] "GET /robots.txt HTTP/1.0" 404 1028 "-" "Yahoo-MMCrawler/3.x (mms dash mmcrawler dash support at yahoo dash inc dot com)"
189.180.217.113 - - [29/Oct/2007:19:58:42 +0100] "GET / HTTP/1.1" 200 324 "http://mx.search.yahoo.com/search?p=foomy&ei=UTF-8&rd=r1&fr=yfp-t-340&xargs=0&pstart=1&b=11" "Mozilla/4.0 (compatible; MSIE 6.0; Windows NT 5.1)"
189.180.217.113 - - [29/Oct/2007:21:44:07 +0100] "GET / HTTP/1.1" 304 - "http://mx.search.yahoo.com/search?p=foomy+&rd=r1&fr=yfp-t-340&xargs=0&pstart=1&b=11" "Mozilla/4.0 (compatible; MSIE 6.0; Windows NT 5.1)"
68.142.212.201 - - [30/Oct/2007:17:05:41 +0100] "GET /robots.txt HTTP/1.0" 404 1028 "-" "Yahoo-MMCrawler/3.x (mms dash mmcrawler dash support at yahoo dash inc dot com)"
74.6.19.113 - - [30/Oct/2007:21:23:33 +0100] "GET /robots.txt HTTP/1.0" 404 1028 "-" "Mozilla/5.0 (compatible; Yahoo! Slurp; http://help.yahoo.com/help/us/ysearch/slurp)"
74.6.20.161 - - [30/Oct/2007:21:23:34 +0100] "GET / HTTP/1.0" 200 324 "-" "Mozilla/5.0 (compatible; Yahoo! Slurp; http://help.yahoo.com/help/us/ysearch/slurp)"
66.249.72.140 - - [31/Oct/2007:02:29:45 +0100] "GET /robots.txt HTTP/1.1" 404 1028 "-" "Mozilla/5.0 (compatible; Googlebot/2.1; +http://www.google.com/bot.html)"
66.249.72.140 - - [31/Oct/2007:02:29:45 +0100] "GET / HTTP/1.1" 200 324 "-" "Mozilla/5.0 (compatible; Googlebot/2.1; +http://www.google.com/bot.html)"
193.252.149.15 - - [01/Nov/2007:04:39:33 +0100] "GET /robots.txt HTTP/1.1" 404 1028 "-" "Mozilla/5.0 (Windows; U; Windows NT 5.1; fr; rv:1.8.1) VoilaBot BETA 1.2 (http://www.voila.com/)"
193.252.149.15 - - [01/Nov/2007:04:39:34 +0100] "GET / HTTP/1.1" 200 324 "-" "Mozilla/5.0 (Windows; U; Windows NT 5.1; fr; rv:1.8.1) VoilaBot BETA 1.2 (http://www.voila.com/)"
68.236.206.126 - - [01/Nov/2007:19:59:20 +0100] "GET /robots.txt HTTP/1.0" 404 1337 "http://majestic12.co.uk/bot.php?I=119B2847325F560F44A37210975B3EA5-02ACCBE2B37DD6C6-000000012186D753-foomy.net" "Mozilla/5.0 (compatible; MJ12bot/v1.2.1; http://www.majestic12.co.uk/bot.php?+)"
68.236.206.126 - - [01/Nov/2007:19:59:21 +0100] "GET / HTTP/1.1" 200 324 "-" "Mozilla/5.0 (compatible; MJ12bot/v1.2.1; http://www.majestic12.co.uk/bot.php?+)"
72.36.115.53 - - [02/Nov/2007:08:25:52 +0100] "GET /robots.txt HTTP/1.0" 404 1028 "-" "CazoodleBot/CazoodleBot-0.1 (CazoodleBot Crawler; http://www.cazoodle.com/cazoodlebot; cazoodlebot@cazoodle.com)"
72.36.115.53 - - [02/Nov/2007:08:25:57 +0100] "GET / HTTP/1.0" 200 324 "-" "CazoodleBot/CazoodleBot-0.1 (CazoodleBot Crawler; http://www.cazoodle.com/cazoodlebot; cazoodlebot@cazoodle.com)"
66.112.55.174 - - [02/Nov/2007:15:38:35 +0100] "GET /robots.txt HTTP/1.0" 404 1337 "http://majestic12.co.uk/bot.php?I=741088235396F8E7AEFE62AFE3BC6134-7637A6A2799C612C-6B3692F2ED3087D8-foomy.org" "Mozilla/5.0 (compatible; MJ12bot/v1.2.1; http://www.majestic12.co.uk/bot.php?+)"
66.112.55.174 - - [02/Nov/2007:15:38:44 +0100] "GET / HTTP/1.0" 200 324 "-" "Mozilla/5.0 (compatible; MJ12bot/v1.2.1; http://www.majestic12.co.uk/bot.php?+)"
68.142.212.201 - - [02/Nov/2007:18:55:34 +0100] "GET /robots.txt HTTP/1.0" 404 1028 "-" "Yahoo-MMCrawler/3.x (mms dash mmcrawler dash support at yahoo dash inc dot com)"
66.249.72.140 - - [02/Nov/2007:21:47:04 +0100] "GET /robots.txt HTTP/1.1" 404 1028 "-" "Mozilla/5.0 (compatible; Googlebot/2.1; +http://www.google.com/bot.html)"
66.249.72.140 - - [02/Nov/2007:21:47:04 +0100] "GET / HTTP/1.1" 200 324 "-" "Mozilla/5.0 (compatible; Googlebot/2.1; +http://www.google.com/bot.html)"
194.72.238.61 - - [04/Nov/2007:19:24:54 +0100] "HEAD / HTTP/1.1" 200 - "http://www.netcraft.com/survey/" "Mozilla/4.0 (compatible; Netcraft Web Server Survey)"
194.72.238.61 - - [04/Nov/2007:19:24:54 +0100] "HEAD / HTTP/1.1" 200 - "http://www.netcraft.com/survey/" "Mozilla/4.0 (compatible; Netcraft Web Server Survey)"
68.142.212.201 - - [05/Nov/2007:16:35:36 +0100] "GET /robots.txt HTTP/1.0" 404 1028 "-" "Yahoo-MMCrawler/3.x (mms dash mmcrawler dash support at yahoo dash inc dot com)"
72.3.137.82 - - [05/Nov/2007:23:28:00 +0100] "GET /robots.txt HTTP/1.0" 404 1337 "http://majestic12.co.uk/bot.php?I=119B2847325F560F44A37210975B3EA5-9D48DD2E71EF4975-BAAEDAA60E1E9198-foomy.net" "Mozilla/5.0 (compatible; MJ12bot/v1.2.1; http://www.majestic12.co.uk/bot.php?+)"
72.3.137.82 - - [05/Nov/2007:23:28:05 +0100] "GET / HTTP/1.0" 200 324 "-" "Mozilla/5.0 (compatible; MJ12bot/v1.2.1; http://www.majestic12.co.uk/bot.php?+)"
84.253.227.85 - - [06/Nov/2007:22:03:40 +0100] "GET /robots.txt HTTP/1.0" 404 1337 "http://majestic12.co.uk/bot.php?I=741088235396F8E7AEFE62AFE3BC6134-B2B5504EB7008D1E-81AC9013E501D4FF-foomy.org" "Mozilla/5.0 (compatible; MJ12bot/v1.2.1; http://www.majestic12.co.uk/bot.php?+)"
84.253.227.85 - - [06/Nov/2007:22:03:40 +0100] "GET / HTTP/1.0" 304 - "-" "Mozilla/5.0 (compatible; MJ12bot/v1.2.1; http://www.majestic12.co.uk/bot.php?+)"
66.249.72.140 - - [07/Nov/2007:01:52:43 +0100] "GET /robots.txt HTTP/1.1" 404 1028 "-" "Mozilla/5.0 (compatible; Googlebot/2.1; +http://www.google.com/bot.html)"
66.249.72.140 - - [07/Nov/2007:01:52:43 +0100] "GET / HTTP/1.1" 200 324 "-" "Mozilla/5.0 (compatible; Googlebot/2.1; +http://www.google.com/bot.html)"
68.142.212.201 - - [08/Nov/2007:15:00:17 +0100] "GET /robots.txt HTTP/1.0" 404 1028 "-" "Yahoo-MMCrawler/3.x (mms dash mmcrawler dash support at yahoo dash inc dot com)"
66.249.72.140 - - [08/Nov/2007:20:24:28 +0100] "GET /robots.txt HTTP/1.1" 404 1028 "-" "Mozilla/5.0 (compatible; Googlebot/2.1; +http://www.google.com/bot.html)"
66.249.72.140 - - [08/Nov/2007:20:24:28 +0100] "GET / HTTP/1.1" 200 324 "-" "Mozilla/5.0 (compatible; Googlebot/2.1; +http://www.google.com/bot.html)"
68.142.212.201 - - [11/Nov/2007:11:02:48 +0100] "GET /robots.txt HTTP/1.0" 404 1028 "-" "Yahoo-MMCrawler/3.x (mms dash mmcrawler dash support at yahoo dash inc dot com)"
208.36.144.8 - - [11/Nov/2007:14:45:45 +0100] "GET /robots.txt HTTP/1.0" 404 1028 "-" "Mozilla/5.0 (Twiceler-0.9 http://www.cuill.com/twiceler/robot.html)"
66.249.72.140 - - [11/Nov/2007:16:54:25 +0100] "GET /robots.txt HTTP/1.1" 404 1028 "-" "Mozilla/5.0 (compatible; Googlebot/2.1; +http://www.google.com/bot.html)"
66.249.72.140 - - [11/Nov/2007:16:54:25 +0100] "GET / HTTP/1.1" 200 324 "-" "Mozilla/5.0 (compatible; Googlebot/2.1; +http://www.google.com/bot.html)"
208.36.144.8 - - [11/Nov/2007:22:39:11 +0100] "GET /robots.txt HTTP/1.0" 404 1028 "-" "Mozilla/5.0 (Twiceler-0.9 http://www.cuill.com/twiceler/robot.html)"
87.230.58.8 - - [12/Nov/2007:22:27:16 +0100] "HEAD / HTTP/1.1" 200 - "-" "GT::WWW/1.023"
66.249.72.140 - - [13/Nov/2007:01:34:17 +0100] "GET /robots.txt HTTP/1.1" 404 1028 "-" "Mozilla/5.0 (compatible; Googlebot/2.1; +http://www.google.com/bot.html)"
66.249.72.140 - - [13/Nov/2007:01:34:18 +0100] "GET / HTTP/1.1" 200 324 "-" "Mozilla/5.0 (compatible; Googlebot/2.1; +http://www.google.com/bot.html)"
208.36.144.8 - - [13/Nov/2007:14:06:00 +0100] "GET /robots.txt HTTP/1.0" 404 1028 "-" "Mozilla/5.0 (Twiceler-0.9 http://www.cuill.com/twiceler/robot.html)"
74.6.19.113 - - [13/Nov/2007:21:27:38 +0100] "GET /robots.txt HTTP/1.0" 404 1028 "-" "Mozilla/5.0 (compatible; Yahoo! Slurp; http://help.yahoo.com/help/us/ysearch/slurp)"
74.6.20.161 - - [13/Nov/2007:21:27:39 +0100] "GET / HTTP/1.0" 200 324 "-" "Mozilla/5.0 (compatible; Yahoo! Slurp; http://help.yahoo.com/help/us/ysearch/slurp)"
68.142.212.201 - - [14/Nov/2007:14:32:30 +0100] "GET /robots.txt HTTP/1.0" 404 1028 "-" "Yahoo-MMCrawler/3.x (mms dash mmcrawler dash support at yahoo dash inc dot com)"
208.36.144.8 - - [14/Nov/2007:21:29:22 +0100] "GET /robots.txt HTTP/1.0" 404 1028 "-" "Mozilla/5.0 (Twiceler-0.9 http://www.cuill.com/twiceler/robot.html)"
66.249.72.140 - - [15/Nov/2007:12:57:36 +0100] "GET /robots.txt HTTP/1.1" 404 1028 "-" "Mozilla/5.0 (compatible; Googlebot/2.1; +http://www.google.com/bot.html)"
66.249.72.140 - - [15/Nov/2007:12:57:36 +0100] "GET / HTTP/1.1" 200 324 "-" "Mozilla/5.0 (compatible; Googlebot/2.1; +http://www.google.com/bot.html)"
208.36.144.8 - - [16/Nov/2007:11:20:34 +0100] "GET /robots.txt HTTP/1.0" 404 1028 "-" "Mozilla/5.0 (Twiceler-0.9 http://www.cuill.com/twiceler/robot.html)"
71.168.66.176 - - [16/Nov/2007:17:56:43 +0100] "GET /robots.txt HTTP/1.0" 404 1337 "http://majestic12.co.uk/bot.php?I=A47C83103FA045FD053E07564DA84627-FEB7CE4F8DFAAFF1-00C0ECEB30F69B5C-foomy.net" "Mozilla/5.0 (compatible; MJ12bot/v1.2.1; http://www.majestic12.co.uk/bot.php?+)"
71.168.66.176 - - [16/Nov/2007:17:56:51 +0100] "GET / HTTP/1.1" 200 324 "-" "Mozilla/5.0 (compatible; MJ12bot/v1.2.1; http://www.majestic12.co.uk/bot.php?+)"
66.249.72.140 - - [16/Nov/2007:23:34:32 +0100] "GET /robots.txt HTTP/1.1" 404 1028 "-" "Mozilla/5.0 (compatible; Googlebot/2.1; +http://www.google.com/bot.html)"
66.249.72.140 - - [16/Nov/2007:23:34:32 +0100] "GET / HTTP/1.1" 200 324 "-" "Mozilla/5.0 (compatible; Googlebot/2.1; +http://www.google.com/bot.html)"
68.142.212.201 - - [17/Nov/2007:15:05:28 +0100] "GET /robots.txt HTTP/1.0" 404 1028 "-" "Yahoo-MMCrawler/3.x (mms dash mmcrawler dash support at yahoo dash inc dot com)"
65.55.208.60 - - [18/Nov/2007:06:40:16 +0100] "GET /robots.txt HTTP/1.0" 404 1028 "-" "msnbot/1.0 (+http://search.msn.com/msnbot.htm)"
65.55.208.60 - - [18/Nov/2007:06:40:17 +0100] "GET / HTTP/1.0" 200 324 "-" "msnbot/1.0 (+http://search.msn.com/msnbot.htm)"
66.249.72.140 - - [18/Nov/2007:07:27:06 +0100] "GET /robots.txt HTTP/1.1" 404 1028 "-" "Mozilla/5.0 (compatible; Googlebot/2.1; +http://www.google.com/bot.html)"
66.249.72.140 - - [18/Nov/2007:07:27:06 +0100] "GET / HTTP/1.1" 200 324 "-" "Mozilla/5.0 (compatible; Googlebot/2.1; +http://www.google.com/bot.html)"
87.230.58.8 - - [18/Nov/2007:19:03:36 +0100] "GET / HTTP/1.0" 200 324 "-" "Mozilla/4.0 (compatible; MSIE 6.0; Windows NT 5.1)"
208.36.144.8 - - [18/Nov/2007:19:19:06 +0100] "GET /robots.txt HTTP/1.0" 404 1028 "-" "Mozilla/5.0 (Twiceler-0.9 http://www.cuill.com/twiceler/robot.html)"
72.55.179.110 - - [19/Nov/2007:05:48:57 +0100] "GET / HTTP/1.1" 200 324 "-" "Mozilla/4.0 (compatible; MSIE 6.0; Windows NT 5.1; SV1)"
66.249.72.140 - - [19/Nov/2007:21:29:48 +0100] "GET /robots.txt HTTP/1.1" 404 1028 "-" "Mozilla/5.0 (compatible; Googlebot/2.1; +http://www.google.com/bot.html)"
66.249.72.140 - - [19/Nov/2007:21:29:48 +0100] "GET / HTTP/1.1" 200 324 "-" "Mozilla/5.0 (compatible; Googlebot/2.1; +http://www.google.com/bot.html)"
68.142.212.201 - - [20/Nov/2007:13:12:55 +0100] "GET /robots.txt HTTP/1.0" 404 1028 "-" "Yahoo-MMCrawler/3.x (mms dash mmcrawler dash support at yahoo dash inc dot com)"
64.182.124.212 - - [20/Nov/2007:23:36:23 +0100] "GET / HTTP/1.1" 200 324 "-" "Mozilla/4.0"
64.182.124.212 - - [21/Nov/2007:02:25:02 +0100] "GET / HTTP/1.1" 200 324 "-" "Mozilla/4.0"
66.249.72.112 - - [21/Nov/2007:04:53:46 +0100] "GET /robots.txt HTTP/1.1" 404 1028 "-" "Mozilla/5.0 (compatible; Googlebot/2.1; +http://www.google.com/bot.html)"
66.249.72.112 - - [21/Nov/2007:04:53:46 +0100] "GET / HTTP/1.1" 200 324 "-" "Mozilla/5.0 (compatible; Googlebot/2.1; +http://www.google.com/bot.html)"
208.36.144.8 - - [21/Nov/2007:07:22:55 +0100] "GET /robots.txt HTTP/1.0" 404 1028 "-" "Mozilla/5.0 (Twiceler-0.9 http://www.cuill.com/twiceler/robot.html)"
208.36.144.8 - - [21/Nov/2007:12:56:52 +0100] "GET /robots.txt HTTP/1.0" 404 1028 "-" "Mozilla/5.0 (Twiceler-0.9 http://www.cuill.com/twiceler/robot.html)"
66.249.72.112 - - [22/Nov/2007:14:54:40 +0100] "GET /robots.txt HTTP/1.1" 404 1028 "-" "Mozilla/5.0 (compatible; Googlebot/2.1; +http://www.google.com/bot.html)"
66.249.72.112 - - [22/Nov/2007:14:54:40 +0100] "GET / HTTP/1.1" 200 324 "-" "Mozilla/5.0 (compatible; Googlebot/2.1; +http://www.google.com/bot.html)"
208.36.144.8 - - [22/Nov/2007:20:22:55 +0100] "GET /robots.txt HTTP/1.0" 404 1028 "-" "Mozilla/5.0 (Twiceler-0.9 http://www.cuill.com/twiceler/robot.html)"
66.249.72.112 - - [24/Nov/2007:14:07:19 +0100] "GET /robots.txt HTTP/1.1" 404 1028 "-" "Mozilla/5.0 (compatible; Googlebot/2.1; +http://www.google.com/bot.html)"
66.249.72.112 - - [24/Nov/2007:14:07:19 +0100] "GET / HTTP/1.1" 200 324 "-" "Mozilla/5.0 (compatible; Googlebot/2.1; +http://www.google.com/bot.html)"
68.142.212.201 - - [25/Nov/2007:19:27:38 +0100] "GET /robots.txt HTTP/1.0" 404 1028 "-" "Yahoo-MMCrawler/3.x (mms dash mmcrawler dash support at yahoo dash inc dot com)"
208.36.144.8 - - [26/Nov/2007:00:52:49 +0100] "GET /robots.txt HTTP/1.0" 404 1028 "-" "Mozilla/5.0 (Twiceler-0.9 http://www.cuill.com/twiceler/robot.html)"
193.252.149.15 - - [26/Nov/2007:23:31:36 +0100] "GET /robots.txt HTTP/1.1" 404 1028 "-" "Mozilla/5.0 (Windows; U; Windows NT 5.1; fr; rv:1.8.1) VoilaBot BETA 1.2 (http://www.voila.com/)"
193.252.149.15 - - [26/Nov/2007:23:31:37 +0100] "GET / HTTP/1.1" 200 324 "-" "Mozilla/5.0 (Windows; U; Windows NT 5.1; fr; rv:1.8.1) VoilaBot BETA 1.2 (http://www.voila.com/)"
66.249.72.112 - - [27/Nov/2007:10:17:51 +0100] "GET /robots.txt HTTP/1.1" 404 1028 "-" "Mozilla/5.0 (compatible; Googlebot/2.1; +http://www.google.com/bot.html)"
66.249.72.112 - - [27/Nov/2007:10:17:51 +0100] "GET / HTTP/1.1" 200 324 "-" "Mozilla/5.0 (compatible; Googlebot/2.1; +http://www.google.com/bot.html)"
80.253.81.16 - - [27/Nov/2007:17:41:21 +0100] "GET / HTTP/1.1" 200 324 "-" "Microsoft URL Control - 6.00.8862"
74.6.19.114 - - [27/Nov/2007:22:11:46 +0100] "GET /robots.txt HTTP/1.0" 404 1028 "-" "Mozilla/5.0 (compatible; Yahoo! Slurp; http://help.yahoo.com/help/us/ysearch/slurp)"
74.6.20.161 - - [27/Nov/2007:22:11:47 +0100] "GET / HTTP/1.0" 200 324 "-" "Mozilla/5.0 (compatible; Yahoo! Slurp; http://help.yahoo.com/help/us/ysearch/slurp)"
208.36.144.8 - - [28/Nov/2007:06:04:26 +0100] "GET /robots.txt HTTP/1.0" 404 1028 "-" "Mozilla/5.0 (Twiceler-0.9 http://www.cuill.com/twiceler/robot.html)"
68.142.212.201 - - [28/Nov/2007:09:56:20 +0100] "GET /robots.txt HTTP/1.0" 404 1028 "-" "Yahoo-MMCrawler/3.x (mms dash mmcrawler dash support at yahoo dash inc dot com)"
66.249.72.112 - - [28/Nov/2007:15:03:26 +0100] "GET /robots.txt HTTP/1.1" 404 1028 "-" "Mozilla/5.0 (compatible; Googlebot/2.1; +http://www.google.com/bot.html)"
66.249.72.112 - - [28/Nov/2007:15:03:27 +0100] "GET / HTTP/1.1" 200 324 "-" "Mozilla/5.0 (compatible; Googlebot/2.1; +http://www.google.com/bot.html)"
80.237.157.71 - - [29/Nov/2007:01:29:09 +0100] "GET / HTTP/1.1" 200 324 "-" "Mozilla/5.0 (X11; U; Linux x86_64; en-US; rv:1.7.7) Gecko/20050414"
66.249.72.112 - - [29/Nov/2007:07:59:03 +0100] "GET /robots.txt HTTP/1.1" 404 1028 "-" "Mozilla/5.0 (compatible; Googlebot/2.1; +http://www.google.com/bot.html)"
208.36.144.8 - - [29/Nov/2007:20:20:21 +0100] "GET /robots.txt HTTP/1.0" 404 1028 "-" "Mozilla/5.0 (Twiceler-0.9 http://www.cuill.com/twiceler/robot.html)"
